2026-09-01T08:33:00+00:00 INFO    [event=application.started] IPTV-API 版本: 3.0.0 (构建时间: 2026-08-07 11:45:59)
2026-09-01T08:33:00+00:00 INFO    [phase=prepare event=network.ipv6.checking] 🛜 正在检查当前网络是否支持IPv6...
2026-09-01T08:33:01+00:00 WARNING [phase=prepare event=network.ipv6.unsupported] 当前网络不支持IPv6，别担心，IPv6的结果会被保存下来
2026-09-01T08:33:01+00:00 INFO    [run=81d9fe3ad5df475b8bcfafd78ceee3d8 phase=prepare event=run.started] 性能模式: auto → balance，可用资源: 4.0 CPU / 15.61 GB，并发: 测速 8、媒体探测 2、源抓取 8
2026-09-01T08:33:01+00:00 INFO    [run=81d9fe3ad5df475b8bcfafd78ceee3d8 phase=prepare event=channels.catalog_loaded] 频道目录已加载：白名单 0，黑名单 2，台标 21
2026-09-01T08:33:01+00:00 INFO    [run=81d9fe3ad5df475b8bcfafd78ceee3d8 phase=fetch event=sources.subscribe.summary] 订阅源数量：2，订阅白名单数量：0，停用地址数量：0，有效总数量：2
2026-09-01T08:33:01+00:00 INFO    [run=81d9fe3ad5df475b8bcfafd78ceee3d8 phase=fetch event=progress.started] 正在进行获取订阅源  0/2
2026-09-01T08:33:01+00:00 INFO    [run=81d9fe3ad5df475b8bcfafd78ceee3d8 phase=fetch event=sources.epg.summary] EPG源数量：1，EPG白名单数量：0，停用地址数量：0，有效总数量：1
2026-09-01T08:33:01+00:00 INFO    [run=81d9fe3ad5df475b8bcfafd78ceee3d8 phase=fetch event=progress.started] 正在进行获取EPG源  0/1
2026-09-01T08:33:02+00:00 INFO    [run=81d9fe3ad5df475b8bcfafd78ceee3d8 phase=fetch event=progress.updated] 正在进行获取订阅源  1/2 (50%)  剩余 1
2026-09-01T08:33:02+00:00 INFO    [run=81d9fe3ad5df475b8bcfafd78ceee3d8 phase=fetch event=epg.source_parsed] EPG 源解析完成：http://e.erw.cc/e.xml.gz，保留节目 1189 条
2026-09-01T08:33:02+00:00 INFO    [run=81d9fe3ad5df475b8bcfafd78ceee3d8 phase=fetch event=progress.updated] 正在进行获取EPG源  1/1 (100%)  剩余 0
2026-09-01T08:33:02+00:00 INFO    [run=81d9fe3ad5df475b8bcfafd78ceee3d8 phase=fetch event=sources.epg.finished] EPG源: ✅ 有效地址数量：1，⛔ 停用地址数量：0
2026-09-01T08:33:02+00:00 INFO    [run=81d9fe3ad5df475b8bcfafd78ceee3d8 phase=fetch event=progress.finished] 正在进行获取EPG源  1/1  匹配 32 个频道
2026-09-01T08:33:04+00:00 INFO    [run=81d9fe3ad5df475b8bcfafd78ceee3d8 phase=fetch event=progress.updated] 正在进行获取订阅源  2/2 (100%)  剩余 0
2026-09-01T08:33:04+00:00 INFO    [run=81d9fe3ad5df475b8bcfafd78ceee3d8 phase=fetch event=sources.subscribe.finished] 订阅源: ✅ 有效地址数量：2，⛔ 停用地址数量：0
2026-09-01T08:33:04+00:00 INFO    [run=81d9fe3ad5df475b8bcfafd78ceee3d8 phase=fetch event=progress.finished] 正在进行获取订阅源  2/2  未匹配 487
2026-09-01T08:33:09+00:00 INFO    [run=81d9fe3ad5df475b8bcfafd78ceee3d8 phase=aggregate event=channels.aggregated] 频道数据聚合完成：32 个频道，51 个接口（IPv4 20 / IPv6 31）
2026-09-01T08:33:09+00:00 INFO    [run=81d9fe3ad5df475b8bcfafd78ceee3d8 phase=speed_test event=speed_test.planned] 总接口数量: 51, 需要进行测速的接口数量: 20
2026-09-01T08:33:09+00:00 INFO    [run=81d9fe3ad5df475b8bcfafd78ceee3d8 phase=speed_test event=progress.started] 测速  0/20
2026-09-01T08:33:11+00:00 INFO    [run=81d9fe3ad5df475b8bcfafd78ceee3d8 phase=speed_test event=progress.updated] 测速  1/20 (5%)  有效 1  失败 0  CCTV-12
2026-09-01T08:33:11+00:00 INFO    [run=81d9fe3ad5df475b8bcfafd78ceee3d8 phase=speed_test event=progress.updated] 测速  3/20 (15%)  有效 3  失败 0  CCTV-1
2026-09-01T08:33:14+00:00 INFO    [run=81d9fe3ad5df475b8bcfafd78ceee3d8 phase=speed_test event=progress.updated] 测速  5/20 (25%)  有效 5  失败 0  CCTV-13
2026-09-01T08:33:14+00:00 INFO    [run=81d9fe3ad5df475b8bcfafd78ceee3d8 phase=speed_test event=progress.updated] 测速  7/20 (35%)  有效 6  失败 1  CCTV-8
2026-09-01T08:33:15+00:00 INFO    [run=81d9fe3ad5df475b8bcfafd78ceee3d8 phase=speed_test event=progress.updated] 测速  9/20 (45%)  有效 7  失败 2  CCTV-16
2026-09-01T08:33:18+00:00 INFO    [run=81d9fe3ad5df475b8bcfafd78ceee3d8 phase=speed_test event=progress.updated] 测速  11/20 (55%)  有效 8  失败 3  湖南卫视
2026-09-01T08:33:18+00:00 INFO    [run=81d9fe3ad5df475b8bcfafd78ceee3d8 phase=speed_test event=progress.updated] 测速  13/20 (65%)  有效 8  失败 5  安徽卫视
2026-09-01T08:33:18+00:00 INFO    [run=81d9fe3ad5df475b8bcfafd78ceee3d8 phase=speed_test event=progress.updated] 测速  15/20 (75%)  有效 9  失败 6  CCTV-5+
2026-09-01T08:33:20+00:00 INFO    [run=81d9fe3ad5df475b8bcfafd78ceee3d8 phase=speed_test event=progress.updated] 测速  17/20 (85%)  有效 11  失败 6  东方卫视
2026-09-01T08:33:21+00:00 INFO    [run=81d9fe3ad5df475b8bcfafd78ceee3d8 phase=speed_test event=progress.updated] 测速  19/20 (95%)  有效 13  失败 6  浙江卫视
2026-09-01T08:33:22+00:00 INFO    [run=81d9fe3ad5df475b8bcfafd78ceee3d8 phase=speed_test event=progress.updated] 测速  20/20 (100%)  有效 13  失败 7  河南卫视
2026-09-01T08:33:22+00:00 INFO    [run=81d9fe3ad5df475b8bcfafd78ceee3d8 phase=speed_test event=speed_test.artifacts_written] 测速明细已写入 output/log/speed_test.log，有效结果已写入 output/log/result.log
2026-09-01T08:33:22+00:00 INFO    [run=81d9fe3ad5df475b8bcfafd78ceee3d8 phase=speed_test event=progress.finished] 测速  20/20  有效 13  失败 7
2026-09-01T08:33:22+00:00 INFO    [run=81d9fe3ad5df475b8bcfafd78ceee3d8 phase=output event=output.written] 结果文件生成完成：更新 3 个文件
2026-09-01T08:33:22+00:00 INFO    [run=81d9fe3ad5df475b8bcfafd78ceee3d8 phase=statistics event=statistics.finished] 频道统计完成：测试 20，有效 13
2026-09-01T08:33:22+00:00 INFO    [run=81d9fe3ad5df475b8bcfafd78ceee3d8 phase=complete event=run.summary] 更新摘要
2026-09-01T08:33:22+00:00 INFO    [run=81d9fe3ad5df475b8bcfafd78ceee3d8 phase=complete event=run.finished] 更新完成！总耗时：00:21
2026-09-01T08:51:17+00:00 INFO    [event=application.started] IPTV-API 版本: 3.0.0 (构建时间: 2026-08-07 11:45:59)
2026-09-01T08:51:17+00:00 INFO    [phase=prepare event=network.ipv6.checking] 🛜 正在检查当前网络是否支持IPv6...
2026-09-01T08:51:18+00:00 WARNING [phase=prepare event=network.ipv6.unsupported] 当前网络不支持IPv6，别担心，IPv6的结果会被保存下来
2026-09-01T08:51:18+00:00 INFO    [run=00404e67b5bf4d9e8a739b60f8015ca9 phase=prepare event=run.started] 性能模式: auto → balance，可用资源: 4.0 CPU / 15.61 GB，并发: 测速 8、媒体探测 2、源抓取 8
2026-09-01T08:51:18+00:00 INFO    [run=00404e67b5bf4d9e8a739b60f8015ca9 phase=prepare event=channels.catalog_loaded] 频道目录已加载：白名单 0，黑名单 2，台标 21
2026-09-01T08:51:18+00:00 INFO    [run=00404e67b5bf4d9e8a739b60f8015ca9 phase=fetch event=sources.subscribe.summary] 订阅源数量：2，订阅白名单数量：0，停用地址数量：0，有效总数量：2
2026-09-01T08:51:18+00:00 INFO    [run=00404e67b5bf4d9e8a739b60f8015ca9 phase=fetch event=progress.started] 正在进行获取订阅源  0/2
2026-09-01T08:51:18+00:00 INFO    [run=00404e67b5bf4d9e8a739b60f8015ca9 phase=fetch event=sources.epg.summary] EPG源数量：1，EPG白名单数量：0，停用地址数量：0，有效总数量：1
2026-09-01T08:51:18+00:00 INFO    [run=00404e67b5bf4d9e8a739b60f8015ca9 phase=fetch event=progress.started] 正在进行获取EPG源  0/1
2026-09-01T08:51:19+00:00 INFO    [run=00404e67b5bf4d9e8a739b60f8015ca9 phase=fetch event=progress.updated] 正在进行获取订阅源  1/2 (50%)  剩余 1
2026-09-01T08:51:19+00:00 INFO    [run=00404e67b5bf4d9e8a739b60f8015ca9 phase=fetch event=epg.source_parsed] EPG 源解析完成：http://e.erw.cc/e.xml.gz，保留节目 1189 条
2026-09-01T08:51:19+00:00 INFO    [run=00404e67b5bf4d9e8a739b60f8015ca9 phase=fetch event=progress.updated] 正在进行获取EPG源  1/1 (100%)  剩余 0
2026-09-01T08:51:19+00:00 INFO    [run=00404e67b5bf4d9e8a739b60f8015ca9 phase=fetch event=sources.epg.finished] EPG源: ✅ 有效地址数量：1，⛔ 停用地址数量：0
2026-09-01T08:51:19+00:00 INFO    [run=00404e67b5bf4d9e8a739b60f8015ca9 phase=fetch event=progress.finished] 正在进行获取EPG源  1/1  匹配 32 个频道
2026-09-01T08:51:21+00:00 INFO    [run=00404e67b5bf4d9e8a739b60f8015ca9 phase=fetch event=progress.updated] 正在进行获取订阅源  2/2 (100%)  剩余 0
2026-09-01T08:51:21+00:00 INFO    [run=00404e67b5bf4d9e8a739b60f8015ca9 phase=fetch event=sources.subscribe.finished] 订阅源: ✅ 有效地址数量：2，⛔ 停用地址数量：0
2026-09-01T08:51:21+00:00 INFO    [run=00404e67b5bf4d9e8a739b60f8015ca9 phase=fetch event=progress.finished] 正在进行获取订阅源  2/2  未匹配 487
2026-09-01T08:51:22+00:00 INFO    [run=00404e67b5bf4d9e8a739b60f8015ca9 phase=aggregate event=channels.aggregated] 频道数据聚合完成：32 个频道，20 个接口（IPv4 20 / IPv6 0）
2026-09-01T08:51:22+00:00 INFO    [run=00404e67b5bf4d9e8a739b60f8015ca9 phase=speed_test event=speed_test.planned] 总接口数量: 20, 需要进行测速的接口数量: 20
2026-09-01T08:51:22+00:00 INFO    [run=00404e67b5bf4d9e8a739b60f8015ca9 phase=speed_test event=progress.started] 测速  0/20
2026-09-01T08:51:23+00:00 INFO    [run=00404e67b5bf4d9e8a739b60f8015ca9 phase=speed_test event=progress.updated] 测速  1/20 (5%)  有效 1  失败 0  CCTV-12
2026-09-01T08:51:25+00:00 INFO    [run=00404e67b5bf4d9e8a739b60f8015ca9 phase=speed_test event=progress.updated] 测速  3/20 (15%)  有效 3  失败 0  CCTV-1
2026-09-01T08:51:25+00:00 INFO    [run=00404e67b5bf4d9e8a739b60f8015ca9 phase=speed_test event=progress.updated] 测速  5/20 (25%)  有效 4  失败 1  CCTV-5
2026-09-01T08:51:26+00:00 INFO    [run=00404e67b5bf4d9e8a739b60f8015ca9 phase=speed_test event=progress.updated] 测速  7/20 (35%)  有效 5  失败 2  CCTV-13
2026-09-01T08:51:27+00:00 INFO    [run=00404e67b5bf4d9e8a739b60f8015ca9 phase=speed_test event=progress.updated] 测速  9/20 (45%)  有效 7  失败 2  东方卫视
2026-09-01T08:51:27+00:00 INFO    [run=00404e67b5bf4d9e8a739b60f8015ca9 phase=speed_test event=progress.updated] 测速  11/20 (55%)  有效 9  失败 2  广东卫视
2026-09-01T08:51:28+00:00 INFO    [run=00404e67b5bf4d9e8a739b60f8015ca9 phase=speed_test event=progress.updated] 测速  13/20 (65%)  有效 10  失败 3  CCTV-15
2026-09-01T08:51:29+00:00 INFO    [run=00404e67b5bf4d9e8a739b60f8015ca9 phase=speed_test event=progress.updated] 测速  15/20 (75%)  有效 11  失败 4  四川卫视
2026-09-01T08:51:31+00:00 INFO    [run=00404e67b5bf4d9e8a739b60f8015ca9 phase=speed_test event=progress.updated] 测速  17/20 (85%)  有效 12  失败 5  辽宁卫视
2026-09-01T08:51:33+00:00 INFO    [run=00404e67b5bf4d9e8a739b60f8015ca9 phase=speed_test event=progress.updated] 测速  19/20 (95%)  有效 13  失败 6  河南卫视
2026-09-01T08:51:33+00:00 INFO    [run=00404e67b5bf4d9e8a739b60f8015ca9 phase=speed_test event=progress.updated] 测速  20/20 (100%)  有效 13  失败 7  深圳卫视
2026-09-01T08:51:33+00:00 INFO    [run=00404e67b5bf4d9e8a739b60f8015ca9 phase=speed_test event=speed_test.artifacts_written] 测速明细已写入 output/log/speed_test.log，有效结果已写入 output/log/result.log
2026-09-01T08:51:33+00:00 INFO    [run=00404e67b5bf4d9e8a739b60f8015ca9 phase=speed_test event=progress.finished] 测速  20/20  有效 13  失败 7
2026-09-01T08:51:33+00:00 INFO    [run=00404e67b5bf4d9e8a739b60f8015ca9 phase=output event=output.written] 结果文件生成完成：更新 3 个文件
2026-09-01T08:51:33+00:00 INFO    [run=00404e67b5bf4d9e8a739b60f8015ca9 phase=statistics event=statistics.finished] 频道统计完成：测试 20，有效 13
2026-09-01T08:51:33+00:00 INFO    [run=00404e67b5bf4d9e8a739b60f8015ca9 phase=complete event=run.summary] 更新摘要
2026-09-01T08:51:33+00:00 INFO    [run=00404e67b5bf4d9e8a739b60f8015ca9 phase=complete event=run.finished] 更新完成！总耗时：00:15
2026-09-01T09:02:46+00:00 INFO    [event=application.started] IPTV-API 版本: 3.0.0 (构建时间: 2026-08-07 11:45:59)
2026-09-01T09:02:46+00:00 INFO    [phase=prepare event=network.ipv6.checking] 🛜 正在检查当前网络是否支持IPv6...
2026-09-01T09:02:46+00:00 WARNING [phase=prepare event=network.ipv6.unsupported] 当前网络不支持IPv6，别担心，IPv6的结果会被保存下来
2026-09-01T09:02:46+00:00 INFO    [run=93311f4fd81347e888f13f700214c484 phase=prepare event=run.started] 性能模式: auto → balance，可用资源: 4.0 CPU / 15.61 GB，并发: 测速 8、媒体探测 2、源抓取 8
2026-09-01T09:02:46+00:00 INFO    [run=93311f4fd81347e888f13f700214c484 phase=prepare event=channels.catalog_loaded] 频道目录已加载：白名单 0，黑名单 2，台标 21
2026-09-01T09:02:46+00:00 INFO    [run=93311f4fd81347e888f13f700214c484 phase=fetch event=sources.subscribe.summary] 订阅源数量：2，订阅白名单数量：0，停用地址数量：0，有效总数量：2
2026-09-01T09:02:46+00:00 INFO    [run=93311f4fd81347e888f13f700214c484 phase=fetch event=progress.started] 正在进行获取订阅源  0/2
2026-09-01T09:02:46+00:00 INFO    [run=93311f4fd81347e888f13f700214c484 phase=fetch event=sources.epg.summary] EPG源数量：1，EPG白名单数量：0，停用地址数量：0，有效总数量：1
2026-09-01T09:02:46+00:00 INFO    [run=93311f4fd81347e888f13f700214c484 phase=fetch event=progress.started] 正在进行获取EPG源  0/1
2026-09-01T09:02:48+00:00 INFO    [run=93311f4fd81347e888f13f700214c484 phase=fetch event=progress.updated] 正在进行获取订阅源  1/2 (50%)  剩余 1
2026-09-01T09:02:48+00:00 INFO    [run=93311f4fd81347e888f13f700214c484 phase=fetch event=epg.source_parsed] EPG 源解析完成：http://e.erw.cc/e.xml.gz，保留节目 4486 条
2026-09-01T09:02:48+00:00 INFO    [run=93311f4fd81347e888f13f700214c484 phase=fetch event=progress.updated] 正在进行获取EPG源  1/1 (100%)  剩余 0
2026-09-01T09:02:48+00:00 INFO    [run=93311f4fd81347e888f13f700214c484 phase=fetch event=sources.epg.finished] EPG源: ✅ 有效地址数量：1，⛔ 停用地址数量：0
2026-09-01T09:02:48+00:00 INFO    [run=93311f4fd81347e888f13f700214c484 phase=fetch event=progress.finished] 正在进行获取EPG源  1/1  匹配 121 个频道
2026-09-01T09:02:50+00:00 INFO    [run=93311f4fd81347e888f13f700214c484 phase=fetch event=progress.updated] 正在进行获取订阅源  2/2 (100%)  剩余 0
2026-09-01T09:02:50+00:00 INFO    [run=93311f4fd81347e888f13f700214c484 phase=fetch event=sources.subscribe.finished] 订阅源: ✅ 有效地址数量：2，⛔ 停用地址数量：0
2026-09-01T09:02:50+00:00 INFO    [run=93311f4fd81347e888f13f700214c484 phase=fetch event=progress.finished] 正在进行获取订阅源  2/2  未匹配 438
2026-09-01T09:02:59+00:00 INFO    [run=93311f4fd81347e888f13f700214c484 phase=aggregate event=channels.aggregated] 频道数据聚合完成：170 个频道，88 个接口（IPv4 49 / IPv6 39）
2026-09-01T09:02:59+00:00 INFO    [run=93311f4fd81347e888f13f700214c484 phase=speed_test event=speed_test.planned] 总接口数量: 81, 需要进行测速的接口数量: 45
2026-09-01T09:02:59+00:00 INFO    [run=93311f4fd81347e888f13f700214c484 phase=speed_test event=progress.started] 测速  0/45
2026-09-01T09:03:00+00:00 INFO    [run=93311f4fd81347e888f13f700214c484 phase=speed_test event=progress.updated] 测速  1/45 (2%)  有效 1  失败 0  CCTV-9
2026-09-01T09:03:02+00:00 INFO    [run=93311f4fd81347e888f13f700214c484 phase=speed_test event=progress.updated] 测速  6/45 (13%)  有效 4  失败 2  CCTV-3
2026-09-01T09:03:04+00:00 INFO    [run=93311f4fd81347e888f13f700214c484 phase=speed_test event=progress.updated] 测速  11/45 (24%)  有效 5  失败 6  CCTV-8
2026-09-01T09:03:04+00:00 INFO    [run=93311f4fd81347e888f13f700214c484 phase=speed_test event=progress.updated] 测速  16/45 (35%)  有效 10  失败 6  CCTV-怀旧剧场
2026-09-01T09:03:08+00:00 INFO    [run=93311f4fd81347e888f13f700214c484 phase=speed_test event=progress.updated] 测速  21/45 (46%)  有效 12  失败 9  安徽卫视
2026-09-01T09:03:10+00:00 INFO    [run=93311f4fd81347e888f13f700214c484 phase=speed_test event=progress.updated] 测速  26/45 (57%)  有效 15  失败 11  宁夏卫视
2026-09-01T09:03:14+00:00 INFO    [run=93311f4fd81347e888f13f700214c484 phase=speed_test event=progress.updated] 测速  31/45 (68%)  有效 15  失败 16  新疆卫视
2026-09-01T09:03:17+00:00 INFO    [run=93311f4fd81347e888f13f700214c484 phase=speed_test event=progress.updated] 测速  36/45 (80%)  有效 18  失败 18  都市剧场
2026-09-01T09:03:22+00:00 INFO    [run=93311f4fd81347e888f13f700214c484 phase=speed_test event=progress.updated] 测速  41/45 (91%)  有效 21  失败 20  广州综合
2026-09-01T09:03:27+00:00 INFO    [run=93311f4fd81347e888f13f700214c484 phase=speed_test event=progress.updated] 测速  45/45 (100%)  有效 22  失败 23  浙江教育
2026-09-01T09:03:27+00:00 INFO    [run=93311f4fd81347e888f13f700214c484 phase=speed_test event=speed_test.artifacts_written] 测速明细已写入 output/log/speed_test.log，有效结果已写入 output/log/result.log
2026-09-01T09:03:27+00:00 INFO    [run=93311f4fd81347e888f13f700214c484 phase=speed_test event=progress.finished] 测速  45/45  有效 22  失败 23
2026-09-01T09:03:27+00:00 INFO    [run=93311f4fd81347e888f13f700214c484 phase=output event=output.written] 结果文件生成完成：更新 3 个文件
2026-09-01T09:03:27+00:00 INFO    [run=93311f4fd81347e888f13f700214c484 phase=statistics event=statistics.finished] 频道统计完成：测试 45，有效 22
2026-09-01T09:03:27+00:00 INFO    [run=93311f4fd81347e888f13f700214c484 phase=complete event=run.summary] 更新摘要
2026-09-01T09:03:27+00:00 INFO    [run=93311f4fd81347e888f13f700214c484 phase=complete event=run.finished] 更新完成！总耗时：00:40
